PID 7为 pod 容器中的 java web 进程：

问题：rancher 观察此 pod 内存资源占用异常
进入pod 容器，执行如下命令查看进程内存使用情况。

请总结此 pod 内存资源占用异常的原因，并给出解决方案。

~~~ bash
cat /sys/fs/cgroup/memory/memory.stat

# 输出
cache 17080320000
rss 5950267392
rss_huge 1879048192
shmem 0
mapped_file 6217728
dirty 3784704
writeback 1892352
swap 0
pgpgin 23998887
pgpgout 18878635
pgfault 55712811
pgmajfault 825
inactive_anon 0
active_anon 5947404288
inactive_file 1772957696
active_file 15309299712
unevictable 0
hierarchical_memory_limit 269222899712
hierarchical_memsw_limit 9223372036854771712
total_cache 17080320000
total_rss 5950267392
total_rss_huge 1879048192
total_shmem 0
total_mapped_file 6217728
total_dirty 3784704
total_writeback 1892352
total_swap 0
total_pgpgin 23998887
total_pgpgout 18878635
total_pgfault 55712811
total_pgmajfault 825
total_inactive_anon 0
total_active_anon 5947404288
total_inactive_file 1772957696
total_active_file 15309299712
total_unevictable 0
~~~

~~~
ls /proc/7/fd 2>/dev/null | wc -l
# 输出
84443
~~~

~~~
ls -l /proc/7/fd | grep undertow | wc -l
# 输出
82320
~~~

~~~
find /proc/7/fdinfo -type f -exec awk '/^pos:/ {sum+=$2; count++} END {print "Count:", count; print "Total GB:", sum/1024/1024/1024; print "Avg KB:", sum/count/1024}' {} +

# 输出
Count: 6602
Total GB: 6.13181
Avg KB: 973.898
Count: 6397
Total GB: 3.62822
Avg KB: 594.726
Count: 6235
Total GB: 3.14296
Avg KB: 528.57
Count: 6235
Total GB: 3.06145
Avg KB: 514.862
Count: 6235
Total GB: 2.91298
Avg KB: 489.892
Count: 6235
Total GB: 3.27862
Avg KB: 551.385
Count: 6235
Total GB: 3.58014
Avg KB: 602.093
Count: 6235
Total GB: 3.09945
Avg KB: 521.253
Count: 6235
Total GB: 3.50506
Avg KB: 589.466
Count: 6235
Total GB: 3.38921
Avg KB: 569.983
Count: 6235
Total GB: 2.89108
Avg KB: 486.21
Count: 6235
Total GB: 2.37939
Avg KB: 400.155
Count: 6235
Total GB: 2.85293
Avg KB: 479.794
Count: 2898
Total GB: 0.893719
Avg KB: 323.372
~~~

~~~
cat /proc/meminfo

# 输出
MemTotal:       262912988 kB
MemFree:         1048396 kB
MemAvailable:   160065160 kB
Buffers:        24279340 kB
Cached:         118732920 kB
SwapCached:            0 kB
Active:         149953244 kB
Inactive:       85318132 kB
Active(anon):   90316264 kB
Inactive(anon):     5136 kB
Active(file):   59636980 kB
Inactive(file): 85312996 kB
Unevictable:           0 kB
Mlocked:               0 kB
SwapTotal:             0 kB
SwapFree:              0 kB
Dirty:             59104 kB
Writeback:            24 kB
AnonPages:      90921588 kB
Mapped:          9710960 kB
Shmem:             10300 kB
Slab:           17425476 kB
SReclaimable:   15555256 kB
SUnreclaim:      1870220 kB
KernelStack:      274688 kB
PageTables:       557540 kB
NFS_Unstable:          0 kB
Bounce:                0 kB
WritebackTmp:          0 kB
CommitLimit:    131456492 kB
Committed_AS:   353736936 kB
VmallocTotal:   13743895347199 kB
VmallocUsed:           0 kB
VmallocChunk:          0 kB
Percpu:          5755008 kB
HardwareCorrupted:     0 kB
AnonHugePages:  49645568 kB
ShmemHugePages:        0 kB
ShmemPmdMapped:        0 kB
CmaTotal:              0 kB
CmaFree:               0 kB
HugePages_Total:       0
HugePages_Free:        0
HugePages_Rsvd:        0
HugePages_Surp:        0
Hugepagesize:       2048 kB
Hugetlb:               0 kB
DirectMap4k:    55157248 kB
DirectMap2M:    207343616 kB
DirectMap1G:     7340032 kB
~~~

~~~
cat /sys/fs/cgroup/memory/memory.limit_in_bytes

# 输出
9223372036854771712
~~~

~~~
cat /sys/fs/cgroup/memory/memory.usage_in_bytes

# 输出
23017684992
~~~